ru\itis\inform\filters\AdminFilter.class
ru\itis\inform\dao\ProducerDaoImpl.class
ru\itis\inform\dao\RoleDaoImpl.class
ru\itis\inform\services\UserServiceImpl.class
ru\itis\inform\filters\AuthFilter.class
ru\itis\inform\models\Buy.class
ru\itis\inform\models\Studio.class
ru\itis\inform\servlets\Profile.class
ru\itis\inform\services\RoleServicesImpl.class
ru\itis\inform\servlets\DeleteFilm.class
ru\itis\inform\services\TokenServiceImpl.class
ru\itis\inform\servlets\DeleteOrder.class
ru\itis\inform\servlets\UpdateFilm.class
ru\itis\inform\dao\Remarks.class
ru\itis\inform\services\StudioServiceImpl.class
ru\itis\inform\filters\IndexFilter.class
ru\itis\inform\servlets\Orders.class
ru\itis\inform\dao\RoleDao.class
ru\itis\inform\servlets\Delete.class
ru\itis\inform\servlets\Authorization.class
ru\itis\inform\messages\Message.class
ru\itis\inform\models\FilmExistance.class
ru\itis\inform\models\Comment.class
ru\itis\inform\services\RolesFilmService.class
ru\itis\inform\services\TokenService.class
ru\itis\inform\services\ProducerService.class
ru\itis\inform\dao\RoleFilmDao.class
ru\itis\inform\verifiers\UserVerify.class
ru\itis\inform\models\Film.class
ru\itis\inform\services\GenreServiceImpl.class
ru\itis\inform\services\RolesFilmServiceImpl.class
ru\itis\inform\dao\GenreFilmDaoImpl.class
ru\itis\inform\factories\ServiceFactory.class
ru\itis\inform\servlets\AddRole.class
ru\itis\inform\servlets\Redir.class
ru\itis\inform\servlets\AddStudio.class
ru\itis\inform\services\StudioService.class
ru\itis\inform\models\RoleFilm.class
ru\itis\inform\models\User.class
ru\itis\inform\services\VideoServiceImpl.class
ru\itis\inform\Main.class
ru\itis\inform\servlets\SignUp.class
ru\itis\inform\dao\GenreDaoImpl.class
ru\itis\inform\dao\UserDaoImpl.class
ru\itis\inform\dao\CommentsDao.class
ru\itis\inform\dao\JDBConnection.class
ru\itis\inform\servlets\AddGenre.class
ru\itis\inform\dao\VideoStoreDaoImpl.class
ru\itis\inform\dao\BuyDaoImpl.class
ru\itis\inform\dao\TokenDao.class
ru\itis\inform\servlets\AddProducer.class
ru\itis\inform\dao\ProducerDao.class
ru\itis\inform\dao\GenreDao.class
ru\itis\inform\services\RoleServices.class
ru\itis\inform\dao\VideoStoreDao.class
ru\itis\inform\dao\StudioDaoImpl.class
ru\itis\inform\dao\GenreFilmDao.class
ru\itis\inform\dao\FilmExistanceDaoImpl.class
ru\itis\inform\models\BuyMod.class
ru\itis\inform\services\GenreService.class
ru\itis\inform\services\ProducerServiceImpl.class
ru\itis\inform\dao\CommentsDaoImpl.class
ru\itis\inform\dao\FilmExistanceDao.class
ru\itis\inform\models\Role.class
ru\itis\inform\services\VideoService.class
ru\itis\inform\filters\LoginRequiredFilter.class
ru\itis\inform\utils\Hash.class
ru\itis\inform\dao\BuyDao.class
ru\itis\inform\factories\DaoFactory.class
ru\itis\inform\services\GenresFilmServiceImpl.class
ru\itis\inform\servlets\Logout.class
ru\itis\inform\services\UserService.class
ru\itis\inform\dao\UserDao.class
ru\itis\inform\servlets\Index.class
ru\itis\inform\verifiers\IsNumber.class
ru\itis\inform\models\Genre.class
ru\itis\inform\verifiers\Regulars.class
ru\itis\inform\servlets\Video.class
ru\itis\inform\errors\Error.class
ru\itis\inform\dao\RoleFilmDaoImpl.class
ru\itis\inform\utils\Token.class
ru\itis\inform\servlets\Buy.class
ru\itis\inform\dao\StudioDao.class
ru\itis\inform\models\GenreFilm.class
ru\itis\inform\models\Producer.class
ru\itis\inform\services\GenresFilmService.class
ru\itis\inform\dao\TokenDaoImpl.class
ru\itis\inform\servlets\AddFilm.class
